Collecting chromadb<2.0,>=1.0
  Using cached chromadb-1.5.9-cp39-abi3-win_amd64.whl.metadata (5.1 kB)
Collecting sentence-transformers<4.0,>=3.0
  Using cached sentence_transformers-3.4.1-py3-none-any.whl.metadata (10 kB)
Requirement already satisfied: build>=1.0.3 in .\.venv\Lib\site-packages (from chromadb<2.0,>=1.0) (1.6.1)
Requirement already satisfied: pydantic>=2.0 in .\.venv\Lib\site-packages (from chromadb<2.0,>=1.0) (2.13.4)
Requirement already satisfied: pydantic-settings>=2.0 in .\.venv\Lib\site-packages (from chromadb<2.0,>=1.0) (2.15.0)
Requirement already satisfied: pybase64>=1.4.1 in .\.venv\Lib\site-packages (from chromadb<2.0,>=1.0) (1.5.0)
Requirement already satisfied: uvicorn>=0.18.3 in .\.venv\Lib\site-packages (from uvicorn[standard]>=0.18.3->chromadb<2.0,>=1.0) (0.52.3)
Requirement already satisfied: numpy>=1.22.5 in .\.venv\Lib\site-packages (from chromadb<2.0,>=1.0) (2.4.6)
Requirement already satisfied: typing-extensions>=4.5.0 in .\.venv\Lib\site-packages (from chromadb<2.0,>=1.0) (4.16.0)
Requirement already satisfied: onnxruntime>=1.14.1 in .\.venv\Lib\site-packages (from chromadb<2.0,>=1.0) (1.30.0)
Requirement already satisfied: opentelemetry-api>=1.2.0 in .\.venv\Lib\site-packages (from chromadb<2.0,>=1.0) (1.44.0)
Collecting opentelemetry-exporter-otlp-proto-grpc>=1.2.0 (from chromadb<2.0,>=1.0)
  Using cached opentelemetry_exporter_otlp_proto_grpc-1.44.0-py3-none-any.whl.metadata (2.6 kB)
Requirement already satisfied: opentelemetry-sdk>=1.2.0 in .\.venv\Lib\site-packages (from chromadb<2.0,>=1.0) (1.44.0)
Requirement already satisfied: tokenizers>=0.13.2 in .\.venv\Lib\site-packages (from chromadb<2.0,>=1.0) (0.22.2)
Requirement already satisfied: pypika>=0.48.9 in .\.venv\Lib\site-packages (from chromadb<2.0,>=1.0) (0.51.1)
Requirement already satisfied: tqdm>=4.65.0 in .\.venv\Lib\site-packages (from chromadb<2.0,>=1.0) (4.70.0)
Requirement already satisfied: overrides>=7.3.1 in .\.venv\Lib\site-packages (from chromadb<2.0,>=1.0) (7.7.0)
Requirement already satisfied: importlib-resources in .\.venv\Lib\site-packages (from chromadb<2.0,>=1.0) (7.1.0)
Requirement already satisfied: grpcio>=1.58.0 in .\.venv\Lib\site-packages (from chromadb<2.0,>=1.0) (1.84.0)
Requirement already satisfied: bcrypt>=4.0.1 in .\.venv\Lib\site-packages (from chromadb<2.0,>=1.0) (5.0.0)
Requirement already satisfied: typer>=0.9.0 in .\.venv\Lib\site-packages (from chromadb<2.0,>=1.0) (0.27.1)
Collecting kubernetes>=28.1.0 (from chromadb<2.0,>=1.0)
  Using cached kubernetes-36.0.3-py2.py3-none-any.whl.metadata (1.8 kB)
Requirement already satisfied: tenacity>=8.2.3 in .\.venv\Lib\site-packages (from chromadb<2.0,>=1.0) (9.1.4)
Requirement already satisfied: pyyaml>=6.0.0 in .\.venv\Lib\site-packages (from chromadb<2.0,>=1.0) (6.0.3)
Requirement already satisfied: mmh3>=4.0.1 in .\.venv\Lib\site-packages (from chromadb<2.0,>=1.0) (5.3.0)
Requirement already satisfied: orjson>=3.9.12 in .\.venv\Lib\site-packages (from chromadb<2.0,>=1.0) (3.12.0)
Requirement already satisfied: httpx>=0.27.0 in .\.venv\Lib\site-packages (from chromadb<2.0,>=1.0) (0.28.1)
Requirement already satisfied: rich>=10.11.0 in .\.venv\Lib\site-packages (from chromadb<2.0,>=1.0) (15.0.0)
Requirement already satisfied: jsonschema>=4.19.0 in .\.venv\Lib\site-packages (from chromadb<2.0,>=1.0) (4.26.0)
Requirement already satisfied: transformers<5.0.0,>=4.41.0 in .\.venv\Lib\site-packages (from sentence-transformers<4.0,>=3.0) (4.57.6)
Requirement already satisfied: torch>=1.11.0 in .\.venv\Lib\site-packages (from sentence-transformers<4.0,>=3.0) (2.13.0)
Requirement already satisfied: scikit-learn in .\.venv\Lib\site-packages (from sentence-transformers<4.0,>=3.0) (1.9.1)
Requirement already satisfied: scipy in .\.venv\Lib\site-packages (from sentence-transformers<4.0,>=3.0) (1.17.1)
Requirement already satisfied: huggingface-hub>=0.20.0 in .\.venv\Lib\site-packages (from sentence-transformers<4.0,>=3.0) (0.36.2)
Requirement already satisfied: Pillow in .\.venv\Lib\site-packages (from sentence-transformers<4.0,>=3.0) (11.3.0)
Requirement already satisfied: filelock in .\.venv\Lib\site-packages (from transformers<5.0.0,>=4.41.0->sentence-transformers<4.0,>=3.0) (3.32.3)
Requirement already satisfied: packaging>=20.0 in .\.venv\Lib\site-packages (from transformers<5.0.0,>=4.41.0->sentence-transformers<4.0,>=3.0) (26.3)
Requirement already satisfied: regex!=2019.12.17 in .\.venv\Lib\site-packages (from transformers<5.0.0,>=4.41.0->sentence-transformers<4.0,>=3.0) (2026.7.19)
Requirement already satisfied: requests in .\.venv\Lib\site-packages (from transformers<5.0.0,>=4.41.0->sentence-transformers<4.0,>=3.0) (2.34.2)
Requirement already satisfied: safetensors>=0.4.3 in .\.venv\Lib\site-packages (from transformers<5.0.0,>=4.41.0->sentence-transformers<4.0,>=3.0) (0.8.0)
Requirement already satisfied: fsspec>=2023.5.0 in .\.venv\Lib\site-packages (from huggingface-hub>=0.20.0->sentence-transformers<4.0,>=3.0) (2026.7.0)
Requirement already satisfied: pyproject_hooks in .\.venv\Lib\site-packages (from build>=1.0.3->chromadb<2.0,>=1.0) (1.2.0)
Requirement already satisfied: colorama in .\.venv\Lib\site-packages (from build>=1.0.3->chromadb<2.0,>=1.0) (0.4.6)
Requirement already satisfied: anyio in .\.venv\Lib\site-packages (from httpx>=0.27.0->chromadb<2.0,>=1.0) (4.14.2)
Requirement already satisfied: certifi in .\.venv\Lib\site-packages (from httpx>=0.27.0->chromadb<2.0,>=1.0) (2026.7.22)
Requirement already satisfied: httpcore==1.* in .\.venv\Lib\site-packages (from httpx>=0.27.0->chromadb<2.0,>=1.0) (1.0.9)
Requirement already satisfied: idna in .\.venv\Lib\site-packages (from httpx>=0.27.0->chromadb<2.0,>=1.0) (3.18)
Requirement already satisfied: h11>=0.16 in .\.venv\Lib\site-packages (from httpcore==1.*->httpx>=0.27.0->chromadb<2.0,>=1.0) (0.16.0)
Requirement already satisfied: attrs>=22.2.0 in .\.venv\Lib\site-packages (from jsonschema>=4.19.0->chromadb<2.0,>=1.0) (26.1.0)
Requirement already satisfied: jsonschema-specifications>=2023.03.6 in .\.venv\Lib\site-packages (from jsonschema>=4.19.0->chromadb<2.0,>=1.0) (2025.9.1)
Requirement already satisfied: referencing>=0.28.4 in .\.venv\Lib\site-packages (from jsonschema>=4.19.0->chromadb<2.0,>=1.0) (0.37.0)
Requirement already satisfied: rpds-py>=0.25.0 in .\.venv\Lib\site-packages (from jsonschema>=4.19.0->chromadb<2.0,>=1.0) (2026.6.3)
Requirement already satisfied: six>=1.9.0 in .\.venv\Lib\site-packages (from kubernetes>=28.1.0->chromadb<2.0,>=1.0) (1.17.0)
Requirement already satisfied: python-dateutil>=2.5.3 in .\.venv\Lib\site-packages (from kubernetes>=28.1.0->chromadb<2.0,>=1.0) (2.9.0.post0)
Requirement already satisfied: websocket-client!=0.40.0,!=0.41.*,!=0.42.*,>=0.32.0 in .\.venv\Lib\site-packages (from kubernetes>=28.1.0->chromadb<2.0,>=1.0) (1.9.2)
Requirement already satisfied: requests-oauthlib in .\.venv\Lib\site-packages (from kubernetes>=28.1.0->chromadb<2.0,>=1.0) (2.0.0)
Requirement already satisfied: urllib3!=2.6.0,>=1.24.2 in .\.venv\Lib\site-packages (from kubernetes>=28.1.0->chromadb<2.0,>=1.0) (2.7.0)
Requirement already satisfied: durationpy>=0.7 in .\.venv\Lib\site-packages (from kubernetes>=28.1.0->chromadb<2.0,>=1.0) (0.11)
Requirement already satisfied: aiohttp<4.0.0,>=3.13.5 in .\.venv\Lib\site-packages (from kubernetes>=28.1.0->chromadb<2.0,>=1.0) (3.14.3)
Requirement already satisfied: aiohappyeyeballs>=2.5.0 in .\.venv\Lib\site-packages (from aiohttp<4.0.0,>=3.13.5->kubernetes>=28.1.0->chromadb<2.0,>=1.0) (2.7.1)
Requirement already satisfied: aiosignal>=1.4.0 in .\.venv\Lib\site-packages (from aiohttp<4.0.0,>=3.13.5->kubernetes>=28.1.0->chromadb<2.0,>=1.0) (1.4.0)
Requirement already satisfied: frozenlist>=1.1.1 in .\.venv\Lib\site-packages (from aiohttp<4.0.0,>=3.13.5->kubernetes>=28.1.0->chromadb<2.0,>=1.0) (1.8.0)
Requirement already satisfied: multidict<7.0,>=4.5 in .\.venv\Lib\site-packages (from aiohttp<4.0.0,>=3.13.5->kubernetes>=28.1.0->chromadb<2.0,>=1.0) (6.8.0)
Requirement already satisfied: propcache>=0.2.0 in .\.venv\Lib\site-packages (from aiohttp<4.0.0,>=3.13.5->kubernetes>=28.1.0->chromadb<2.0,>=1.0) (0.5.2)
Requirement already satisfied: yarl<2.0,>=1.17.0 in .\.venv\Lib\site-packages (from aiohttp<4.0.0,>=3.13.5->kubernetes>=28.1.0->chromadb<2.0,>=1.0) (1.24.5)
Requirement already satisfied: flatbuffers in .\.venv\Lib\site-packages (from onnxruntime>=1.14.1->chromadb<2.0,>=1.0) (25.12.19)
Requirement already satisfied: protobuf>=4.25.8 in .\.venv\Lib\site-packages (from onnxruntime>=1.14.1->chromadb<2.0,>=1.0) (7.35.1)
Requirement already satisfied: googleapis-common-protos~=1.57 in .\.venv\Lib\site-packages (from opentelemetry-exporter-otlp-proto-grpc>=1.2.0->chromadb<2.0,>=1.0) (1.75.3)
Requirement already satisfied: opentelemetry-exporter-otlp-proto-common==1.44.0 in .\.venv\Lib\site-packages (from opentelemetry-exporter-otlp-proto-grpc>=1.2.0->chromadb<2.0,>=1.0) (1.44.0)
Requirement already satisfied: opentelemetry-proto==1.44.0 in .\.venv\Lib\site-packages (from opentelemetry-exporter-otlp-proto-grpc>=1.2.0->chromadb<2.0,>=1.0) (1.44.0)
Requirement already satisfied: opentelemetry-semantic-conventions==0.65b0 in .\.venv\Lib\site-packages (from opentelemetry-sdk>=1.2.0->chromadb<2.0,>=1.0) (0.65b0)
Requirement already satisfied: annotated-types>=0.6.0 in .\.venv\Lib\site-packages (from pydantic>=2.0->chromadb<2.0,>=1.0) (0.8.0)
Requirement already satisfied: pydantic-core==2.46.4 in .\.venv\Lib\site-packages (from pydantic>=2.0->chromadb<2.0,>=1.0) (2.46.4)
Requirement already satisfied: typing-inspection>=0.4.2 in .\.venv\Lib\site-packages (from pydantic>=2.0->chromadb<2.0,>=1.0) (0.4.4)
Requirement already satisfied: python-dotenv>=0.21.0 in .\.venv\Lib\site-packages (from pydantic-settings>=2.0->chromadb<2.0,>=1.0) (1.2.2)
Requirement already satisfied: markdown-it-py>=2.2.0 in .\.venv\Lib\site-packages (from rich>=10.11.0->chromadb<2.0,>=1.0) (4.2.0)
Requirement already satisfied: pygments<3.0.0,>=2.13.0 in .\.venv\Lib\site-packages (from rich>=10.11.0->chromadb<2.0,>=1.0) (2.20.0)
Requirement already satisfied: mdurl~=0.1 in .\.venv\Lib\site-packages (from markdown-it-py>=2.2.0->rich>=10.11.0->chromadb<2.0,>=1.0) (0.1.2)
Requirement already satisfied: setuptools>=77.0.3 in .\.venv\Lib\site-packages (from torch>=1.11.0->sentence-transformers<4.0,>=3.0) (84.0.0)
Requirement already satisfied: sympy>=1.13.3 in .\.venv\Lib\site-packages (from torch>=1.11.0->sentence-transformers<4.0,>=3.0) (1.14.0)
Requirement already satisfied: networkx>=2.5.1 in .\.venv\Lib\site-packages (from torch>=1.11.0->sentence-transformers<4.0,>=3.0) (3.6.1)
Requirement already satisfied: jinja2 in .\.venv\Lib\site-packages (from torch>=1.11.0->sentence-transformers<4.0,>=3.0) (3.1.6)
Requirement already satisfied: mpmath<1.4,>=1.1.0 in .\.venv\Lib\site-packages (from sympy>=1.13.3->torch>=1.11.0->sentence-transformers<4.0,>=3.0) (1.3.0)
Requirement already satisfied: shellingham>=1.3.0 in .\.venv\Lib\site-packages (from typer>=0.9.0->chromadb<2.0,>=1.0) (1.5.4)
Requirement already satisfied: annotated-doc>=0.0.2 in .\.venv\Lib\site-packages (from typer>=0.9.0->chromadb<2.0,>=1.0) (0.0.5)
Requirement already satisfied: click>=7.0 in .\.venv\Lib\site-packages (from uvicorn>=0.18.3->uvicorn[standard]>=0.18.3->chromadb<2.0,>=1.0) (8.4.2)
Requirement already satisfied: httptools>=0.8.0 in .\.venv\Lib\site-packages (from uvicorn[standard]>=0.18.3->chromadb<2.0,>=1.0) (0.8.0)
Requirement already satisfied: watchfiles>=0.20 in .\.venv\Lib\site-packages (from uvicorn[standard]>=0.18.3->chromadb<2.0,>=1.0) (1.2.0)
Requirement already satisfied: websockets>=13.0 in .\.venv\Lib\site-packages (from uvicorn[standard]>=0.18.3->chromadb<2.0,>=1.0) (16.1.1)
Requirement already satisfied: MarkupSafe>=2.0 in .\.venv\Lib\site-packages (from jinja2->torch>=1.11.0->sentence-transformers<4.0,>=3.0) (3.0.3)
Requirement already satisfied: charset_normalizer<4,>=2 in .\.venv\Lib\site-packages (from requests->transformers<5.0.0,>=4.41.0->sentence-transformers<4.0,>=3.0) (3.5.0)
Requirement already satisfied: oauthlib>=3.0.0 in .\.venv\Lib\site-packages (from requests-oauthlib->kubernetes>=28.1.0->chromadb<2.0,>=1.0) (3.3.1)
Requirement already satisfied: joblib>=1.4.0 in .\.venv\Lib\site-packages (from scikit-learn->sentence-transformers<4.0,>=3.0) (1.5.3)
Requirement already satisfied: narwhals>=2.0.1 in .\.venv\Lib\site-packages (from scikit-learn->sentence-transformers<4.0,>=3.0) (2.24.0)
Requirement already satisfied: threadpoolctl>=3.5.0 in .\.venv\Lib\site-packages (from scikit-learn->sentence-transformers<4.0,>=3.0) (3.6.0)
Using cached chromadb-1.5.9-cp39-abi3-win_amd64.whl (23.5 MB)
Using cached sentence_transformers-3.4.1-py3-none-any.whl (275 kB)
Using cached kubernetes-36.0.3-py2.py3-none-any.whl (4.6 MB)
Using cached opentelemetry_exporter_otlp_proto_grpc-1.44.0-py3-none-any.whl (19 kB)
Installing collected packages: kubernetes, opentelemetry-exporter-otlp-proto-grpc, sentence-transformers, chromadb

Successfully installed chromadb-1.5.9 kubernetes-36.0.3 opentelemetry-exporter-otlp-proto-grpc-1.44.0 sentence-transformers-3.4.1
